---
source: tests/formatter.rs
assertion_line: 248
expression: formatted
---
# ------------------------------------------------------------------------
# Dots

fn(...)
fn(..., a = 1)
fn(a = 1, ... = 2)
fn(
  a = 1,
  another_really_really_long_argument_to_test_this_feature,
  a_really_long_argument_here,
  ...
)

# ------------------------------------------------------------------------
# Dot dot i

fn(..1, ..2)
fn(..1 = 1, ..2 = 2)
