---
source: tests/formatter.rs
expression: formatted
---
for (x in xs) {}
while (waiting()) {}
repeat {}

for (x in xs) {} # comment
while (waiting()) {} # comment
repeat {} # comment

for (x in xs) {
  # comment
}
while (waiting()) {
  # comment
}
repeat {
  # comment
}

for (x in xs) {
  # comment
}
while (waiting()) {
  # comment
}
repeat {
  # comment
}
