---
source: tests/formatter.rs
expression: formatted
---
if (a) {}
if (a) {} else {}

if (a) {} # comment

if (a) {
  # comment
}

if (a) {
  # comment
}

{
  if (a) {} else {}
}

{
  if (a) {
    # comment1
  } else {} # comment2
}

{
  if (a) {} else {
    # comment
  }
}

if (a) {} else {
  2
}
if (a) {
  2
} else {}
