---
source: tests/parser_snapshots.rs
expression: tree
---
ROOT@0..195
  INT@0..1 "1"
  NEWLINE@1..2 "\n"
  FLOAT@2..5 "2.5"
  NEWLINE@5..6 "\n"
  FLOAT@6..9 "1e6"
  NEWLINE@9..10 "\n"
  FLOAT@10..16 "0x123F"
  NEWLINE@16..17 "\n"
  NEWLINE@17..18 "\n"
  COMMENT@18..31 "# Hexadecimal"
  NEWLINE@31..32 "\n"
  COMMENT@32..44 "# `x` vs `X`"
  NEWLINE@44..45 "\n"
  FLOAT@45..50 "0x123"
  NEWLINE@50..51 "\n"
  FLOAT@51..56 "0X123"
  NEWLINE@56..57 "\n"
  COMMENT@57..78 "# Numbers and letters"
  NEWLINE@78..79 "\n"
  FLOAT@79..85 "0xDEAD"
  NEWLINE@85..86 "\n"
  FLOAT@86..92 "0XDEAD"
  NEWLINE@92..93 "\n"
  FLOAT@93..100 "0x1f2F3"
  NEWLINE@100..101 "\n"
  FLOAT@101..108 "0X1f2F3"
  NEWLINE@108..109 "\n"
  COMMENT@109..121 "# `p` vs `P`"
  NEWLINE@121..122 "\n"
  FLOAT@122..127 "0x0p0"
  NEWLINE@127..128 "\n"
  FLOAT@128..133 "0x0P0"
  NEWLINE@133..134 "\n"
  FLOAT@134..141 "0x0p123"
  NEWLINE@141..142 "\n"
  FLOAT@142..149 "0x0P123"
  NEWLINE@149..150 "\n"
  COMMENT@150..163 "# `+` and `-`"
  NEWLINE@163..164 "\n"
  FLOAT@164..170 "0x0p+0"
  NEWLINE@170..171 "\n"
  FLOAT@171..177 "0x0p-0"
  NEWLINE@177..178 "\n"
  FLOAT@178..186 "0x0p+123"
  NEWLINE@186..187 "\n"
  FLOAT@187..195 "0x0p-123"
