---
source: tests/parser_snapshots.rs
expression: tree
---
ROOT@0..200
  INT@0..2 "1L"
  NEWLINE@2..3 "\n"
  INT@3..7 "1e5L"
  NEWLINE@7..8 "\n"
  NEWLINE@8..9 "\n"
  COMMENT@9..22 "# Hexadecimal"
  NEWLINE@22..23 "\n"
  COMMENT@23..35 "# `x` vs `X`"
  NEWLINE@35..36 "\n"
  INT@36..42 "0x123L"
  NEWLINE@42..43 "\n"
  INT@43..49 "0X123L"
  NEWLINE@49..50 "\n"
  COMMENT@50..71 "# Numbers and letters"
  NEWLINE@71..72 "\n"
  INT@72..79 "0xDEADL"
  NEWLINE@79..80 "\n"
  INT@80..87 "0XDEADL"
  NEWLINE@87..88 "\n"
  INT@88..96 "0x1f2F3L"
  NEWLINE@96..97 "\n"
  INT@97..105 "0X1f2F3L"
  NEWLINE@105..106 "\n"
  COMMENT@106..118 "# `p` vs `P`"
  NEWLINE@118..119 "\n"
  INT@119..125 "0x0p0L"
  NEWLINE@125..126 "\n"
  INT@126..132 "0x0P0L"
  NEWLINE@132..133 "\n"
  INT@133..141 "0x0p123L"
  NEWLINE@141..142 "\n"
  INT@142..150 "0x0P123L"
  NEWLINE@150..151 "\n"
  COMMENT@151..164 "# `+` and `-`"
  NEWLINE@164..165 "\n"
  INT@165..172 "0x0p+0L"
  NEWLINE@172..173 "\n"
  INT@173..180 "0x0p-0L"
  NEWLINE@180..181 "\n"
  INT@181..190 "0x0p+123L"
  NEWLINE@190..191 "\n"
  INT@191..200 "0x0p-123L"
