---
source: tests/parser_snapshots.rs
expression: "format!(\"{:#?}\", output.diagnostics)"
---
[
    ParseDiagnostic {
        message: "expected right-hand side for binary operator",
        start: 13,
        end: 15,
    },
    ParseDiagnostic {
        message: "expected right-hand side for binary operator",
        start: 20,
        end: 23,
    },
    ParseDiagnostic {
        message: "expected right-hand side for binary operator",
        start: 81,
        end: 83,
    },
    ParseDiagnostic {
        message: "expected right-hand side for binary operator",
        start: 88,
        end: 91,
    },
    ParseDiagnostic {
        message: "unexpected operator at expression start",
        start: 99,
        end: 101,
    },
    ParseDiagnostic {
        message: "unexpected operator at expression start",
        start: 106,
        end: 109,
    },
    ParseDiagnostic {
        message: "unexpected operator at expression start",
        start: 115,
        end: 117,
    },
    ParseDiagnostic {
        message: "unexpected operator at expression start",
        start: 124,
        end: 127,
    },
    ParseDiagnostic {
        message: "expected right-hand side for binary operator",
        start: 133,
        end: 135,
    },
    ParseDiagnostic {
        message: "expected right-hand side for binary operator",
        start: 140,
        end: 143,
    },
    ParseDiagnostic {
        message: "expected right-hand side for binary operator",
        start: 167,
        end: 169,
    },
    ParseDiagnostic {
        message: "expected right-hand side for binary operator",
        start: 176,
        end: 179,
    },
]
