---
source: tests/parser_snapshots.rs
expression: tree
---
ROOT@0..259
  INT@0..1 "1"
  WHITESPACE@1..2 " "
  ERROR@2..3 "?"
  WHITESPACE@3..4 " "
  INT@4..5 "2"
  NEWLINE@5..6 "\n"
  BINARY_EXPR@6..11
    INT@6..7 "1"
    WHITESPACE@7..8 " "
    TILDE@8..9 "~"
    WHITESPACE@9..10 " "
    INT@10..11 "2"
  NEWLINE@11..12 "\n"
  ASSIGNMENT_EXPR@12..18
    INT@12..13 "1"
    WHITESPACE@13..14 " "
    ASSIGN_LEFT@14..16 "<-"
    WHITESPACE@16..17 " "
    INT@17..18 "2"
  NEWLINE@18..19 "\n"
  ASSIGNMENT_EXPR@19..26
    INT@19..20 "1"
    WHITESPACE@20..21 " "
    SUPER_ASSIGN@21..24 "<<-"
    WHITESPACE@24..25 " "
    INT@25..26 "2"
  NEWLINE@26..27 "\n"
  BINARY_EXPR@27..34
    INT@27..28 "1"
    WHITESPACE@28..29 " "
    COLON@29..30 ":"
    ERROR@30..34
      ASSIGN_EQ@30..31 "="
      WHITESPACE@31..32 " "
      INT@32..33 "2"
      NEWLINE@33..34 "\n"
  ASSIGNMENT_EXPR@34..40
    INT@34..35 "1"
    WHITESPACE@35..36 " "
    ASSIGN_RIGHT@36..38 "->"
    WHITESPACE@38..39 " "
    INT@39..40 "2"
  NEWLINE@40..41 "\n"
  ASSIGNMENT_EXPR@41..48
    INT@41..42 "1"
    WHITESPACE@42..43 " "
    SUPER_ASSIGN_RIGHT@43..46 "->>"
    WHITESPACE@46..47 " "
    INT@47..48 "2"
  NEWLINE@48..49 "\n"
  ASSIGNMENT_EXPR@49..54
    INT@49..50 "1"
    WHITESPACE@50..51 " "
    ASSIGN_EQ@51..52 "="
    WHITESPACE@52..53 " "
    INT@53..54 "2"
  NEWLINE@54..55 "\n"
  BINARY_EXPR@55..60
    INT@55..56 "1"
    WHITESPACE@56..57 " "
    OR@57..58 "|"
    WHITESPACE@58..59 " "
    INT@59..60 "2"
  NEWLINE@60..61 "\n"
  BINARY_EXPR@61..66
    INT@61..62 "1"
    WHITESPACE@62..63 " "
    AND@63..64 "&"
    WHITESPACE@64..65 " "
    INT@65..66 "2"
  NEWLINE@66..67 "\n"
  BINARY_EXPR@67..73
    INT@67..68 "1"
    WHITESPACE@68..69 " "
    OR2@69..71 "||"
    WHITESPACE@71..72 " "
    INT@72..73 "2"
  NEWLINE@73..74 "\n"
  BINARY_EXPR@74..80
    INT@74..75 "1"
    WHITESPACE@75..76 " "
    AND2@76..78 "&&"
    WHITESPACE@78..79 " "
    INT@79..80 "2"
  NEWLINE@80..81 "\n"
  BINARY_EXPR@81..86
    INT@81..82 "1"
    WHITESPACE@82..83 " "
    LESS_THAN@83..84 "<"
    WHITESPACE@84..85 " "
    INT@85..86 "2"
  NEWLINE@86..87 "\n"
  BINARY_EXPR@87..93
    INT@87..88 "1"
    WHITESPACE@88..89 " "
    LESS_THAN_OR_EQUAL@89..91 "<="
    WHITESPACE@91..92 " "
    INT@92..93 "2"
  NEWLINE@93..94 "\n"
  BINARY_EXPR@94..99
    INT@94..95 "1"
    WHITESPACE@95..96 " "
    GREATER_THAN@96..97 ">"
    WHITESPACE@97..98 " "
    INT@98..99 "2"
  NEWLINE@99..100 "\n"
  BINARY_EXPR@100..106
    INT@100..101 "1"
    WHITESPACE@101..102 " "
    GREATER_THAN_OR_EQUAL@102..104 ">="
    WHITESPACE@104..105 " "
    INT@105..106 "2"
  NEWLINE@106..107 "\n"
  BINARY_EXPR@107..113
    INT@107..108 "1"
    WHITESPACE@108..109 " "
    EQUAL2@109..111 "=="
    WHITESPACE@111..112 " "
    INT@112..113 "2"
  NEWLINE@113..114 "\n"
  BINARY_EXPR@114..120
    INT@114..115 "1"
    WHITESPACE@115..116 " "
    NOT_EQUAL@116..118 "!="
    WHITESPACE@118..119 " "
    INT@119..120 "2"
  NEWLINE@120..121 "\n"
  BINARY_EXPR@121..126
    INT@121..122 "1"
    WHITESPACE@122..123 " "
    PLUS@123..124 "+"
    WHITESPACE@124..125 " "
    INT@125..126 "2"
  NEWLINE@126..127 "\n"
  BINARY_EXPR@127..132
    INT@127..128 "1"
    WHITESPACE@128..129 " "
    MINUS@129..130 "-"
    WHITESPACE@130..131 " "
    INT@131..132 "2"
  NEWLINE@132..133 "\n"
  BINARY_EXPR@133..138
    INT@133..134 "1"
    WHITESPACE@134..135 " "
    STAR@135..136 "*"
    WHITESPACE@136..137 " "
    INT@137..138 "2"
  NEWLINE@138..139 "\n"
  BINARY_EXPR@139..144
    INT@139..140 "1"
    WHITESPACE@140..141 " "
    SLASH@141..142 "/"
    WHITESPACE@142..143 " "
    INT@143..144 "2"
  NEWLINE@144..145 "\n"
  BINARY_EXPR@145..152
    INT@145..146 "1"
    WHITESPACE@146..147 " "
    STAR@147..148 "*"
    ERROR@148..152
      STAR@148..149 "*"
      WHITESPACE@149..150 " "
      INT@150..151 "2"
      NEWLINE@151..152 "\n"
  BINARY_EXPR@152..157
    INT@152..153 "1"
    WHITESPACE@153..154 " "
    CARET@154..155 "^"
    WHITESPACE@155..156 " "
    INT@156..157 "2"
  NEWLINE@157..158 "\n"
  BINARY_EXPR@158..164
    INT@158..159 "1"
    WHITESPACE@159..160 " "
    PIPE@160..162 "|>"
    WHITESPACE@162..163 " "
    INT@163..164 "2"
  NEWLINE@164..165 "\n"
  BINARY_EXPR@165..172
    INT@165..166 "1"
    WHITESPACE@166..167 " "
    USER_OP@167..170 "%>%"
    WHITESPACE@170..171 " "
    INT@171..172 "2"
  NEWLINE@172..173 "\n"
  BINARY_EXPR@173..176
    INT@173..174 "1"
    COLON@174..175 ":"
    INT@175..176 "2"
  NEWLINE@176..177 "\n"
  NEWLINE@177..178 "\n"
  BINARY_EXPR@178..191
    BINARY_EXPR@178..187
      BINARY_EXPR@178..183
        INT@178..179 "1"
        WHITESPACE@179..180 " "
        PLUS@180..181 "+"
        WHITESPACE@181..182 " "
        INT@182..183 "2"
      WHITESPACE@183..184 " "
      PLUS@184..185 "+"
      WHITESPACE@185..186 " "
      INT@186..187 "3"
    WHITESPACE@187..188 " "
    PLUS@188..189 "+"
    WHITESPACE@189..190 " "
    INT@190..191 "4"
  NEWLINE@191..192 "\n"
  NEWLINE@192..193 "\n"
  BINARY_EXPR@193..204
    BINARY_EXPR@193..200
      INT@193..194 "1"
      WHITESPACE@194..195 " "
      PLUS@195..196 "+"
      WHITESPACE@196..197 " "
      BINARY_EXPR@197..200
        INT@197..198 "2"
        CARET@198..199 "^"
        INT@199..200 "3"
    WHITESPACE@200..201 " "
    PLUS@201..202 "+"
    WHITESPACE@202..203 " "
    INT@203..204 "4"
  NEWLINE@204..205 "\n"
  NEWLINE@205..206 "\n"
  BINARY_EXPR@206..219
    INT@206..207 "1"
    WHITESPACE@207..208 " "
    PLUS@208..209 "+"
    WHITESPACE@209..210 " "
    COMMENT@210..219 "# comment"
  NEWLINE@219..220 "\n"
  WHITESPACE@220..222 "  "
  INT@222..223 "2"
  NEWLINE@223..224 "\n"
  NEWLINE@224..225 "\n"
  ERROR@225..229
    INT@225..226 "1"
    WHITESPACE@226..227 " "
    PLUS@227..228 "+"
    NEWLINE@228..229 "\n"
  NEWLINE@229..230 "\n"
  WHITESPACE@230..232 "  "
  COMMENT@232..242 "# comment1"
  NEWLINE@242..243 "\n"
  NEWLINE@243..244 "\n"
  WHITESPACE@244..246 "  "
  INT@246..247 "2"
  WHITESPACE@247..248 " "
  COMMENT@248..258 "# comment2"
  NEWLINE@258..259 "\n"
