---
source: tests/parser_snapshots.rs
expression: "format!(\"{:#?}\", output.diagnostics)"
---
[
    ParseDiagnostic {
        message: "expected right-hand side for binary operator",
        start: 10,
        end: 11,
    },
    ParseDiagnostic {
        message: "expected right-hand side for binary operator",
        start: 16,
        end: 17,
    },
    ParseDiagnostic {
        message: "expected right-hand side for binary operator",
        start: 75,
        end: 76,
    },
    ParseDiagnostic {
        message: "expected right-hand side for binary operator",
        start: 81,
        end: 82,
    },
    ParseDiagnostic {
        message: "expected right-hand side for binary operator",
        start: 88,
        end: 89,
    },
    ParseDiagnostic {
        message: "expected right-hand side for binary operator",
        start: 94,
        end: 95,
    },
    ParseDiagnostic {
        message: "expected right-hand side for binary operator",
        start: 101,
        end: 102,
    },
    ParseDiagnostic {
        message: "expected right-hand side for binary operator",
        start: 108,
        end: 109,
    },
]
