---
source: tests/parser_snapshots.rs
expression: tree
---
ROOT@0..225
  STRING@0..11 "\"hi there!\""
  NEWLINE@11..12 "\n"
  STRING@12..16 "\"\\\"\""
  NEWLINE@16..17 "\n"
  STRING@17..28 "'hi there!'"
  NEWLINE@28..29 "\n"
  STRING@29..33 "'\\''"
  NEWLINE@33..34 "\n"
  STRING@34..37 "\"'\""
  NEWLINE@37..38 "\n"
  STRING@38..56 "\"multiline\nstring\""
  NEWLINE@56..57 "\n"
  STRING@57..63 "r\"(\")\""
  NEWLINE@63..64 "\n"
  STRING@64..71 "r\"(\"\")\""
  NEWLINE@71..72 "\n"
  STRING@72..78 "r\"(')\""
  NEWLINE@78..79 "\n"
  STRING@79..86 "r\"('')\""
  NEWLINE@86..87 "\n"
  STRING@87..95 "r\"-(-)-\""
  NEWLINE@95..96 "\n"
  STRING@96..105 "r\"-()-)-\""
  NEWLINE@105..106 "\n"
  STRING@106..118 "r\"--()-\")--\""
  NEWLINE@118..119 "\n"
  STRING@119..128 "r\"( () )\""
  NEWLINE@128..129 "\n"
  STRING@129..136 "r\"(())\""
  NEWLINE@136..137 "\n"
  STRING@137..145 "r\"( ())\""
  NEWLINE@145..146 "\n"
  STRING@146..154 "r\"(() )\""
  NEWLINE@154..155 "\n"
  STRING@155..163 "r\"-())-\""
  NEWLINE@163..164 "\n"
  STRING@164..175 "r\"-(())-)-\""
  NEWLINE@175..176 "\n"
  STRING@176..192 "r\"(raw\nstring\n)\""
  NEWLINE@192..193 "\n"
  STRING@193..224 "r\"(\"some raw string\nb ..."
  NEWLINE@224..225 "\n"
