---
source: tests/parser_snapshots.rs
expression: tree
---
ROOT@0..135
  FOR_EXPR@0..14
    FOR_KW@0..3 "for"
    WHITESPACE@3..4 " "
    LPAREN@4..5 "("
    IDENT@5..6 "i"
    WHITESPACE@6..7 " "
    IN_KW@7..9 "in"
    WHITESPACE@9..10 " "
    INT@10..11 "1"
    RPAREN@11..12 ")"
    WHITESPACE@12..13 " "
    IDENT@13..14 "i"
  NEWLINE@14..15 "\n"
  NEWLINE@15..16 "\n"
  FOR_EXPR@16..70
    FOR_KW@16..19 "for"
    WHITESPACE@19..20 " "
    LPAREN@20..21 "("
    NEWLINE@21..22 "\n"
    WHITESPACE@22..24 "  "
    IDENT@24..25 "i"
    WHITESPACE@25..26 " "
    COMMENT@26..35 "# comment"
    NEWLINE@35..36 "\n"
    WHITESPACE@36..38 "  "
    IN_KW@38..40 "in"
    WHITESPACE@40..41 " "
    COMMENT@41..51 "# comment2"
    NEWLINE@51..52 "\n"
    WHITESPACE@52..54 "  "
    INT@54..55 "1"
    WHITESPACE@55..56 " "
    COMMENT@56..66 "# comment3"
    NEWLINE@66..67 "\n"
    RPAREN@67..68 ")"
    WHITESPACE@68..69 " "
    IDENT@69..70 "i"
  NEWLINE@70..71 "\n"
  NEWLINE@71..72 "\n"
  FOR_EXPR@72..130
    FOR_KW@72..75 "for"
    WHITESPACE@75..76 " "
    COMMENT@76..87 "# dangling1"
    NEWLINE@87..88 "\n"
    WHITESPACE@88..90 "  "
    LPAREN@90..91 "("
    WHITESPACE@91..92 " "
    COMMENT@92..103 "# dangling2"
    NEWLINE@103..104 "\n"
    WHITESPACE@104..108 "    "
    IDENT@108..109 "a"
    WHITESPACE@109..110 " "
    IN_KW@110..112 "in"
    WHITESPACE@112..113 " "
    INT@113..114 "1"
    NEWLINE@114..115 "\n"
    WHITESPACE@115..117 "  "
    RPAREN@117..118 ")"
    WHITESPACE@118..119 " "
    COMMENT@119..130 "# dangling3"
  NEWLINE@130..131 "\n"
  WHITESPACE@131..133 "  "
  IDENT@133..134 "a"
  NEWLINE@134..135 "\n"
