---
source: tests/parser_snapshots.rs
expression: "format!(\"{:#?}\", output.diagnostics)"
---
[
    ParseDiagnostic {
        message: "expected assignment right-hand side",
        start: 67,
        end: 68,
    },
    ParseDiagnostic {
        message: "expected ',' between subset arguments",
        start: 73,
        end: 75,
    },
    ParseDiagnostic {
        message: "expected ',' between subset arguments",
        start: 92,
        end: 94,
    },
    ParseDiagnostic {
        message: "unexpected operator at expression start",
        start: 100,
        end: 101,
    },
    ParseDiagnostic {
        message: "expected ',' between subset arguments",
        start: 111,
        end: 113,
    },
    ParseDiagnostic {
        message: "expected ',' between subset arguments",
        start: 125,
        end: 127,
    },
    ParseDiagnostic {
        message: "expected assignment right-hand side",
        start: 133,
        end: 134,
    },
    ParseDiagnostic {
        message: "expected ',' between subset arguments",
        start: 138,
        end: 140,
    },
    ParseDiagnostic {
        message: "expected ',' between subset arguments",
        start: 154,
        end: 156,
    },
    ParseDiagnostic {
        message: "expected assignment right-hand side",
        start: 164,
        end: 165,
    },
    ParseDiagnostic {
        message: "expected ',' between subset arguments",
        start: 191,
        end: 193,
    },
    ParseDiagnostic {
        message: "expected ',' between subset arguments",
        start: 201,
        end: 203,
    },
    ParseDiagnostic {
        message: "expected ',' between subset arguments",
        start: 253,
        end: 255,
    },
    ParseDiagnostic {
        message: "expected ',' between subset arguments",
        start: 275,
        end: 277,
    },
    ParseDiagnostic {
        message: "expected ',' between subset arguments",
        start: 314,
        end: 316,
    },
    ParseDiagnostic {
        message: "expected ',' between subset arguments",
        start: 351,
        end: 352,
    },
    ParseDiagnostic {
        message: "expected ',' between subset arguments",
        start: 368,
        end: 369,
    },
    ParseDiagnostic {
        message: "expected closing bracket in subset expression",
        start: 156,
        end: 158,
    },
    ParseDiagnostic {
        message: "expected closing bracket in subset expression",
        start: 127,
        end: 129,
    },
    ParseDiagnostic {
        message: "expected closing bracket in subset expression",
        start: 94,
        end: 96,
    },
    ParseDiagnostic {
        message: "expected closing bracket in subset expression",
        start: 63,
        end: 65,
    },
]
