---
source: tests/parser_snapshots.rs
expression: "format!(\"{:#?}\", output.diagnostics)"
---
[
    ParseDiagnostic {
        message: "expected assignment right-hand side",
        start: 166,
        end: 167,
    },
    ParseDiagnostic {
        message: "expected ',' between arguments",
        start: 190,
        end: 192,
    },
    ParseDiagnostic {
        message: "expected ',' between arguments",
        start: 198,
        end: 200,
    },
    ParseDiagnostic {
        message: "expected ',' between arguments",
        start: 246,
        end: 248,
    },
    ParseDiagnostic {
        message: "expected ',' between arguments",
        start: 266,
        end: 268,
    },
    ParseDiagnostic {
        message: "expected ',' between arguments",
        start: 303,
        end: 305,
    },
    ParseDiagnostic {
        message: "expected ',' between arguments",
        start: 355,
        end: 356,
    },
    ParseDiagnostic {
        message: "expected ',' between arguments",
        start: 436,
        end: 438,
    },
    ParseDiagnostic {
        message: "expected ',' between arguments",
        start: 452,
        end: 454,
    },
    ParseDiagnostic {
        message: "expected ')' to close function call",
        start: 159,
        end: 160,
    },
]
